Forge Auto Renaming Tool v2.0.4
lib: F:\MCreator\[PROJECTS] Main PC\call_to_prayer_adhan_mc\build\moddev\artifacts\forge-1.20.1-47.4.10.jar
lib: C:\Users\thefr\.mcreator\gradle\caches\modules-2\files-2.1\io.github.llamalad7\mixinextras-common\0.5.0\286da96036621082491d971dfc62bee8fc37d161\mixinextras-common-0.5.0.jar
lib: C:\Users\thefr\.mcreator\gradle\caches\modules-2\files-2.1\io.github.llamalad7\mixinextras-forge\0.5.0\cebe4d98a42a4a32ebf0ddec7b93d5bdbdad009\mixinextras-forge-0.5.0.jar
lib: C:\Users\thefr\.mcreator\gradle\caches\modules-2\files-2.1\cpw.mods\securejarhandler\2.1.10\51e6a22c6c716beb11e244bf5b8be480f51dd6b5\securejarhandler-2.1.10.jar
lib: C:\Users\thefr\.mcreator\gradle\caches\modules-2\files-2.1\net.minecraftforge\fmlloader\1.20.1-47.4.10\55c46d27e7cfc8b829af8a28e562a7d290fa38b6\fmlloader-1.20.1-47.4.10.jar
lib: C:\Users\thefr\.mcreator\gradle\caches\modules-2\files-2.1\net.minecraftforge\coremods\5.2.4\e30bab269d896613e38396274711410b3a0e4b87\coremods-5.2.4.jar
lib: C:\Users\thefr\.mcreator\gradle\caches\modules-2\files-2.1\cpw.mods\modlauncher\10.0.9\6d9443f56f50bb85cea383686ff9c867391458b\modlauncher-10.0.9.jar
lib: C:\Users\thefr\.mcreator\gradle\caches\modules-2\files-2.1\org.openjdk.nashorn\nashorn-core\15.4\f67f5ffaa5f5130cf6fb9b133da00c7df3b532a5\nashorn-core-15.4.jar
lib: C:\Users\thefr\.mcreator\gradle\caches\modules-2\files-2.1\org.ow2.asm\asm-commons\9.8\36e4d212970388e5bd2c5180292012502df461bb\asm-commons-9.8.jar
lib: C:\Users\thefr\.mcreator\gradle\caches\modules-2\files-2.1\org.ow2.asm\asm-util\9.8\395f1c1f035258511f27bc9b2583d76e4b143f59\asm-util-9.8.jar
lib: C:\Users\thefr\.mcreator\gradle\caches\modules-2\files-2.1\org.ow2.asm\asm-analysis\9.8\b9747a320844b6cb1eacd90d8ecfd260a16c01d3\asm-analysis-9.8.jar
lib: C:\Users\thefr\.mcreator\gradle\caches\modules-2\files-2.1\org.ow2.asm\asm-tree\9.8\18419ca5b77a2f81097c741e7872e6ab8d2f40d\asm-tree-9.8.jar
lib: C:\Users\thefr\.mcreator\gradle\caches\modules-2\files-2.1\org.ow2.asm\asm\9.8\dc19ecb3f7889b7860697215cae99c0f9b6f6b4b\asm-9.8.jar
lib: C:\Users\thefr\.mcreator\gradle\caches\modules-2\files-2.1\net.minecraftforge\accesstransformers\8.0.4\272d240aa73f42195b2a68e2ebd8b701ecf41f63\accesstransformers-8.0.4.jar
lib: C:\Users\thefr\.mcreator\gradle\caches\modules-2\files-2.1\org.antlr\antlr4\4.9.1\e92af8ab33e428461927b484e90bb155a4f3a052\antlr4-4.9.1.jar
lib: C:\Users\thefr\.mcreator\gradle\caches\modules-2\files-2.1\org.antlr\antlr4-runtime\4.9.1\428664f05d2b7f7b7610204b5aa7c1763f62011a\antlr4-runtime-4.9.1.jar
lib: C:\Users\thefr\.mcreator\gradle\caches\modules-2\files-2.1\net.minecraftforge\fmlcore\1.20.1-47.4.10\94dae566be650566ea9115a1414ab76bfcf5a804\fmlcore-1.20.1-47.4.10.jar
lib: C:\Users\thefr\.mcreator\gradle\caches\modules-2\files-2.1\net.minecraftforge\eventbus\6.0.5\699143dd438431d06b57416944f7cedbe52e1475\eventbus-6.0.5.jar
lib: C:\Users\thefr\.mcreator\gradle\caches\modules-2\files-2.1\net.minecraftforge\forgespi\7.0.1\3b4972a0cdb135853dba219be61a79b22cff1309\forgespi-7.0.1.jar
lib: C:\Users\thefr\.mcreator\gradle\caches\modules-2\files-2.1\net.minecraftforge\unsafe\0.2.0\54d7a0a5e8fdb71b973025caa46f341ae5904f39\unsafe-0.2.0.jar
lib: C:\Users\thefr\.mcreator\gradle\caches\modules-2\files-2.1\net.minecraftforge\mergetool\1.1.7\fe2225c1a7834ee20d5a1e2630bcca798367d962\mergetool-1.1.7.jar
lib: C:\Users\thefr\.mcreator\gradle\caches\modules-2\files-2.1\net.minecraftforge\mergetool\1.1.7\aa7c6d9d187d585a8a215c288d65b0038be80b2a\mergetool-1.1.7-api.jar
lib: C:\Users\thefr\.mcreator\gradle\caches\modules-2\files-2.1\com.electronwill.night-config\toml\3.6.4\51d6cefb2b55ee55ee26b16391212fb2c7dfb4f4\toml-3.6.4.jar
lib: C:\Users\thefr\.mcreator\gradle\caches\modules-2\files-2.1\com.electronwill.night-config\core\3.6.4\510f174abbf1c947494db50ef2445683bd52c230\core-3.6.4.jar
lib: C:\Users\thefr\.mcreator\gradle\caches\modules-2\files-2.1\net.minecraftforge\JarJarSelector\0.3.19\376cc9c8ea60720cf027c01fc033de915699801c\JarJarSelector-0.3.19.jar
lib: C:\Users\thefr\.mcreator\gradle\caches\modules-2\files-2.1\net.minecraftforge\JarJarMetadata\0.3.19\83feaa9b770e6ac0e96ee4fc23fa89325c5fe2\JarJarMetadata-0.3.19.jar
lib: C:\Users\thefr\.mcreator\gradle\caches\modules-2\files-2.1\org.apache.maven\maven-artifact\3.8.5\4433f50c07debefaed0553bd0068f4f48d449313\maven-artifact-3.8.5.jar
lib: C:\Users\thefr\.mcreator\gradle\caches\modules-2\files-2.1\net.jodah\typetools\0.6.3\a01aaa6ddaea9ec07ec4f209487b7a46a526283a\typetools-0.6.3.jar
lib: C:\Users\thefr\.mcreator\gradle\caches\modules-2\files-2.1\net.minecrell\terminalconsoleappender\1.2.0\96d02cd3b384ff015a8fef4223bcb4ccf1717c95\terminalconsoleappender-1.2.0.jar
lib: C:\Users\thefr\.mcreator\gradle\caches\modules-2\files-2.1\org.jline\jline-reader\3.12.1\4382ab1382c7b6f379377ed5f665dc2f6e1218bc\jline-reader-3.12.1.jar
lib: C:\Users\thefr\.mcreator\gradle\caches\modules-2\files-2.1\org.jline\jline-terminal\3.12.1\c777448314e050d980a6b697c140f3bfe9eb7416\jline-terminal-3.12.1.jar
lib: C:\Users\thefr\.mcreator\gradle\caches\modules-2\files-2.1\org.spongepowered\mixin\0.8.5\9d1c0c3a304ae6697ecd477218fa61b850bf57fc\mixin-0.8.5.jar
lib: C:\Users\thefr\.mcreator\gradle\caches\modules-2\files-2.1\cpw.mods\bootstraplauncher\1.1.2\c546e00443d8432cda6baa1c860346980742628\bootstraplauncher-1.1.2.jar
lib: C:\Users\thefr\.mcreator\gradle\caches\modules-2\files-2.1\net.minecraftforge\JarJarFileSystems\0.3.19\2464eb7d6b9ddb9db36a82cf8a95193e5c6fe020\JarJarFileSystems-0.3.19.jar
lib: C:\Users\thefr\.mcreator\gradle\caches\modules-2\files-2.1\net.minecraftforge\fmlearlydisplay\1.20.1-47.4.10\a262fa19e65f643aae210b4275b53bee053aa765\fmlearlydisplay-1.20.1-47.4.10.jar
lib: C:\Users\thefr\.mcreator\gradle\caches\modules-2\files-2.1\net.minecraftforge\javafmllanguage\1.20.1-47.4.10\ccc533c7dd67e0983217197d7549c8b49e7ab453\javafmllanguage-1.20.1-47.4.10.jar
lib: C:\Users\thefr\.mcreator\gradle\caches\modules-2\files-2.1\net.minecraftforge\lowcodelanguage\1.20.1-47.4.10\e9a2879fe3612ea34b9728ec2633304a1e67d480\lowcodelanguage-1.20.1-47.4.10.jar
lib: C:\Users\thefr\.mcreator\gradle\caches\modules-2\files-2.1\net.minecraftforge\mclanguage\1.20.1-47.4.10\ec5cefbbc65c67302b8fac317010faab85fa14b9\mclanguage-1.20.1-47.4.10.jar
lib: C:\Users\thefr\.mcreator\gradle\caches\modules-2\files-2.1\org.codehaus.plexus\plexus-utils\3.3.0\cf43b5391de623b36fe066a21127baef82c64022\plexus-utils-3.3.0.jar
lib: C:\Users\thefr\.mcreator\gradle\caches\modules-2\files-2.1\org.apache.commons\commons-lang3\3.12.0\c6842c86792ff03b9f1d1fe2aab8dc23aa6c6f0e\commons-lang3-3.12.0.jar
lib: C:\Users\thefr\.mcreator\gradle\caches\modules-2\files-2.1\org.apache.logging.log4j\log4j-core\2.8.1\4ac28ff2f1ddf05dae3043a190451e8c46b73c31\log4j-core-2.8.1.jar
lib: C:\Users\thefr\.mcreator\gradle\caches\modules-2\files-2.1\com.google.code.gson\gson\2.10\dd9b193aef96e973d5a11ab13cd17430c2e4306b\gson-2.10.jar
lib: C:\Users\thefr\.mcreator\gradle\caches\modules-2\files-2.1\com.google.guava\guava\31.1-jre\60458f877d055d0c9114d9e1a2efb737b4bc282c\guava-31.1-jre.jar
lib: C:\Users\thefr\.mcreator\gradle\caches\modules-2\files-2.1\com.machinezoo.noexception\noexception\1.7.1\b65330c98e38a1f915fa54a6e5eca496505e3f0a\noexception-1.7.1.jar
lib: C:\Users\thefr\.mcreator\gradle\caches\modules-2\files-2.1\org.slf4j\slf4j-api\1.8.0-beta4\83b0359d847ee053d745be7ec0d8e9e8a44304b4\slf4j-api-1.8.0-beta4.jar
lib: C:\Users\thefr\.mcreator\gradle\caches\modules-2\files-2.1\org.apache.logging.log4j\log4j-api\2.19.0\ea1b37f38c327596b216542bc636cfdc0b8036fa\log4j-api-2.19.0.jar
lib: C:\Users\thefr\.mcreator\gradle\caches\modules-2\files-2.1\com.mojang\logging\1.1.1\832b8e6674a9b325a5175a3a6267dfaf34c85139\logging-1.1.1.jar
lib: C:\Users\thefr\.mcreator\gradle\caches\modules-2\files-2.1\com.google.code.findbugs\jsr305\3.0.2\25ea2e8b0c338a877313bd4672d3fe056ea78f0d\jsr305-3.0.2.jar
lib: C:\Users\thefr\.mcreator\gradle\caches\modules-2\files-2.1\ca.weblite\java-objc-bridge\1.1\1227f9e0666314f9de41477e3ec277e542ed7f7b\java-objc-bridge-1.1.jar
lib: C:\Users\thefr\.mcreator\gradle\caches\modules-2\files-2.1\org.jetbrains\annotations\24.0.1\13c5c75c4206580aa4d683bffee658caae6c9f43\annotations-24.0.1.jar
lib: C:\Users\thefr\.mcreator\gradle\caches\modules-2\files-2.1\com.github.oshi\oshi-core\6.2.2\54f5efc19bca95d709d9a37d19ffcbba3d21c1a6\oshi-core-6.2.2.jar
lib: C:\Users\thefr\.mcreator\gradle\caches\modules-2\files-2.1\com.google.guava\failureaccess\1.0.1\1dcf1de382a0bf95a3d8b0849546c88bac1292c9\failureaccess-1.0.1.jar
lib: C:\Users\thefr\.mcreator\gradle\caches\modules-2\files-2.1\com.ibm.icu\icu4j\61.1\28d33b5e44e72edcc66a5da7a34a42147f38d987\icu4j-61.1.jar
lib: C:\Users\thefr\.mcreator\gradle\caches\modules-2\files-2.1\com.mojang\authlib\4.0.43\2ff9d747a77570a07a60d32ac77eb6162ad2a2d9\authlib-4.0.43.jar
lib: C:\Users\thefr\.mcreator\gradle\caches\modules-2\files-2.1\com.mojang\blocklist\1.0.10\5c685c5ffa94c4cd39496c7184c1d122e515ecef\blocklist-1.0.10.jar
lib: C:\Users\thefr\.mcreator\gradle\caches\modules-2\files-2.1\com.mojang\brigadier\1.1.8\5244ce82c3337bba4a196a3ce858bfaecc74404a\brigadier-1.1.8.jar
lib: C:\Users\thefr\.mcreator\gradle\caches\modules-2\files-2.1\com.mojang\datafixerupper\6.0.8\3ba4a30557a9b057760af4011f909ba619fc5125\datafixerupper-6.0.8.jar
lib: C:\Users\thefr\.mcreator\gradle\caches\modules-2\files-2.1\com.mojang\patchy\2.2.10\da05971b07cbb379d002cf7eaec6a2048211fefc\patchy-2.2.10.jar
lib: C:\Users\thefr\.mcreator\gradle\caches\modules-2\files-2.1\com.mojang\text2speech\1.17.9\3cad216e3a7f0c19b4b394388bc9ffc446f13b14\text2speech-1.17.9.jar
lib: C:\Users\thefr\.mcreator\gradle\caches\modules-2\files-2.1\commons-codec\commons-codec\1.15\49d94806b6e3dc933dacbd8acb0fdbab8ebd1e5d\commons-codec-1.15.jar
lib: C:\Users\thefr\.mcreator\gradle\caches\modules-2\files-2.1\commons-io\commons-io\2.11.0\a2503f302b11ebde7ebc3df41daebe0e4eea3689\commons-io-2.11.0.jar
lib: C:\Users\thefr\.mcreator\gradle\caches\modules-2\files-2.1\commons-logging\commons-logging\1.2\4bfc12adfe4842bf07b657f0369c4cb522955686\commons-logging-1.2.jar
lib: C:\Users\thefr\.mcreator\gradle\caches\modules-2\files-2.1\io.netty\netty-buffer\4.1.82.Final\a544270cf1ae8b8077082f5036436a9a9971ea71\netty-buffer-4.1.82.Final.jar
lib: C:\Users\thefr\.mcreator\gradle\caches\modules-2\files-2.1\io.netty\netty-codec\4.1.82.Final\b77200379acb345a9ffdece1c605e591ac3e4e0a\netty-codec-4.1.82.Final.jar
lib: C:\Users\thefr\.mcreator\gradle\caches\modules-2\files-2.1\io.netty\netty-common\4.1.82.Final\22d148e85c3f5ebdacc0ce1f5aabb1d420f73f3\netty-common-4.1.82.Final.jar
lib: C:\Users\thefr\.mcreator\gradle\caches\modules-2\files-2.1\io.netty\netty-handler\4.1.82.Final\644041d1fa96a5d3130a29e8978630d716d76e38\netty-handler-4.1.82.Final.jar
lib: C:\Users\thefr\.mcreator\gradle\caches\modules-2\files-2.1\io.netty\netty-resolver\4.1.82.Final\38f665ae8dcd29032eea31245ba7806bed2e0fa8\netty-resolver-4.1.82.Final.jar
lib: C:\Users\thefr\.mcreator\gradle\caches\modules-2\files-2.1\io.netty\netty-transport-classes-epoll\4.1.82.Final\e7c7dd18deac93105797f30057c912651ea76521\netty-transport-classes-epoll-4.1.82.Final.jar
lib: C:\Users\thefr\.mcreator\gradle\caches\modules-2\files-2.1\io.netty\netty-transport-native-unix-common\4.1.82.Final\3e895b35ca1b8a0eca56cacff4c2dde5d2c6abce\netty-transport-native-unix-common-4.1.82.Final.jar
lib: C:\Users\thefr\.mcreator\gradle\caches\modules-2\files-2.1\io.netty\netty-transport\4.1.82.Final\e431a218d91acb6476ccad5f5aafde50aa3945ca\netty-transport-4.1.82.Final.jar
lib: C:\Users\thefr\.mcreator\gradle\caches\modules-2\files-2.1\it.unimi.dsi\fastutil\8.5.9\bb7ea75ecdb216654237830b3a96d87ad91f8cc5\fastutil-8.5.9.jar
lib: C:\Users\thefr\.mcreator\gradle\caches\modules-2\files-2.1\net.java.dev.jna\jna-platform\5.12.1\97406a297c852f4a41e688a176ec675f72e8329\jna-platform-5.12.1.jar
lib: C:\Users\thefr\.mcreator\gradle\caches\modules-2\files-2.1\net.java.dev.jna\jna\5.10.0\7cf4c87dd802db50721db66947aa237d7ad09418\jna-5.10.0.jar
lib: C:\Users\thefr\.mcreator\gradle\caches\modules-2\files-2.1\net.sf.jopt-simple\jopt-simple\5.0.4\4fdac2fbe92dfad86aa6e9301736f6b4342a3f5c\jopt-simple-5.0.4.jar
lib: C:\Users\thefr\.mcreator\gradle\caches\modules-2\files-2.1\org.apache.commons\commons-compress\1.21\4ec95b60d4e86b5c95a0e919cb172a0af98011ef\commons-compress-1.21.jar
lib: C:\Users\thefr\.mcreator\gradle\caches\modules-2\files-2.1\org.apache.httpcomponents\httpclient\4.5.13\e5f6cae5ca7ecaac1ec2827a9e2d65ae2869cada\httpclient-4.5.13.jar
lib: C:\Users\thefr\.mcreator\gradle\caches\modules-2\files-2.1\org.apache.httpcomponents\httpcore\4.4.15\7f2e0c573eaa7a74bac2e89b359e1f73d92a0a1d\httpcore-4.4.15.jar
lib: C:\Users\thefr\.mcreator\gradle\caches\modules-2\files-2.1\org.apache.logging.log4j\log4j-slf4j2-impl\2.19.0\5c04bfdd63ce9dceb2e284b81e96b6a70010ee10\log4j-slf4j2-impl-2.19.0.jar
lib: C:\Users\thefr\.mcreator\gradle\caches\modules-2\files-2.1\org.joml\joml\1.10.5\22566d58af70ad3d72308bab63b8339906deb649\joml-1.10.5.jar
lib: C:\Users\thefr\.mcreator\gradle\caches\modules-2\files-2.1\org.lwjgl\lwjgl-glfw\3.3.1\cbac1b8d30cb4795149c1ef540f912671a8616d0\lwjgl-glfw-3.3.1.jar
lib: C:\Users\thefr\.mcreator\gradle\caches\modules-2\files-2.1\org.lwjgl\lwjgl-jemalloc\3.3.1\a817bcf213db49f710603677457567c37d53e103\lwjgl-jemalloc-3.3.1.jar
lib: C:\Users\thefr\.mcreator\gradle\caches\modules-2\files-2.1\org.lwjgl\lwjgl-openal\3.3.1\2623a6b8ae1dfcd880738656a9f0243d2e6840bd\lwjgl-openal-3.3.1.jar
lib: C:\Users\thefr\.mcreator\gradle\caches\modules-2\files-2.1\org.lwjgl\lwjgl-opengl\3.3.1\831a5533a21a5f4f81bbc51bb13e9899319b5411\lwjgl-opengl-3.3.1.jar
lib: C:\Users\thefr\.mcreator\gradle\caches\modules-2\files-2.1\org.lwjgl\lwjgl-stb\3.3.1\b119297cf8ed01f247abe8685857f8e7fcf5980f\lwjgl-stb-3.3.1.jar
lib: C:\Users\thefr\.mcreator\gradle\caches\modules-2\files-2.1\org.lwjgl\lwjgl-tinyfd\3.3.1\ff1914111ef2e3e0110ef2dabc8d8cdaad82347\lwjgl-tinyfd-3.3.1.jar
lib: C:\Users\thefr\.mcreator\gradle\caches\modules-2\files-2.1\org.lwjgl\lwjgl\3.3.1\ae58664f88e18a9bb2c77b063833ca7aaec484cb\lwjgl-3.3.1.jar
lib: C:\Users\thefr\.mcreator\gradle\caches\modules-2\files-2.1\org.antlr\ST4\4.3\92f2c1ad8d84abcbeead6cf7f2c53a04166293c2\ST4-4.3.jar
lib: C:\Users\thefr\.mcreator\gradle\caches\modules-2\files-2.1\org.antlr\antlr-runtime\3.5.2\cd9cd41361c155f3af0f653009dcecb08d8b4afd\antlr-runtime-3.5.2.jar
lib: C:\Users\thefr\.mcreator\gradle\caches\modules-2\files-2.1\org.abego.treelayout\org.abego.treelayout.core\1.0.3\457216e8e6578099ae63667bb1e4439235892028\org.abego.treelayout.core-1.0.3.jar
lib: C:\Users\thefr\.mcreator\gradle\caches\modules-2\files-2.1\org.glassfish\javax.json\1.0.4\3178f73569fd7a1e5ffc464e680f7a8cc784b85a\javax.json-1.0.4.jar
lib: C:\Users\thefr\.mcreator\gradle\caches\modules-2\files-2.1\com.google.guava\listenablefuture\9999.0-empty-to-avoid-conflict-with-guava\b421526c5f297295adef1c886e5246c39d4ac629\listenablefuture-9999.0-empty-to-avoid-conflict-with-guava.jar
lib: C:\Users\thefr\.mcreator\gradle\caches\modules-2\files-2.1\org.checkerframework\checker-qual\3.12.0\d5692f0526415fcc6de94bb5bfbd3afd9dd3b3e5\checker-qual-3.12.0.jar
lib: C:\Users\thefr\.mcreator\gradle\caches\modules-2\files-2.1\com.google.errorprone\error_prone_annotations\2.11.0\c5a0ace696d3f8b1c1d8cc036d8c03cc0cbe6b69\error_prone_annotations-2.11.0.jar
lib: C:\Users\thefr\.mcreator\gradle\caches\modules-2\files-2.1\com.google.j2objc\j2objc-annotations\1.3\ba035118bc8bac37d7eff77700720999acd9986d\j2objc-annotations-1.3.jar
log: null
input: F:\MCreator\[PROJECTS] Main PC\call_to_prayer_adhan_mc\build\devlibs\modid-1.0.jar
output: F:\MCreator\[PROJECTS] Main PC\call_to_prayer_adhan_mc\build\libs\modid-1.0.jar
threads: 16
Names: F:\MCreator\[PROJECTS] Main PC\call_to_prayer_adhan_mc\build\moddev\artifacts\namedToIntermediate.tsrg(reversed: false)
Fix Annotations: false
Unfinal Parameters: false
Fix Records: false
Fix Identifiers: false
Fix SourceFile: false
Fix Line Numbers: false
Strip codesigning signatures: ALL
Adding Libraries to Inheritance
Reading Input: F:\MCreator\[PROJECTS] Main PC\call_to_prayer_adhan_mc\build\devlibs\modid-1.0.jar
Adding input to inheritance map
Processing entries
Conflicting propagated mapping for net/mcreator/calltoprayeradhanmc/block/MinaretSpeakerBlock$1/createMenu(ILnet/minecraft/world/entity/player/Inventory;Lnet/minecraft/world/entity/player/Player;)Lnet/minecraft/world/inventory/AbstractContainerMenu; from net/minecraft/world/inventory/MenuConstructor/createMenu(ILnet/minecraft/world/entity/player/Inventory;Lnet/minecraft/world/entity/player/Player;)Lnet/minecraft/world/inventory/AbstractContainerMenu;: createMenu -> m_7208_
Conflicting propagated mapping for net/mcreator/calltoprayeradhanmc/block/MinaretSpeakerBlock$1/getDisplayName()Lnet/minecraft/network/chat/Component; from net/minecraft/world/MenuProvider/getDisplayName()Lnet/minecraft/network/chat/Component;: getDisplayName -> m_5446_
Conflicting propagated mapping for net/mcreator/calltoprayeradhanmc/client/gui/MinaretSpeakerGUIScreen/keyPressed(III)Z from net/minecraft/client/gui/screens/inventory/AbstractContainerScreen/keyPressed(III)Z: keyPressed -> m_7933_
Conflicting propagated mapping for net/mcreator/calltoprayeradhanmc/client/gui/MinaretSpeakerGUIScreen/render(Lnet/minecraft/client/gui/GuiGraphics;IIF)V from net/minecraft/client/gui/screens/inventory/AbstractContainerScreen/render(Lnet/minecraft/client/gui/GuiGraphics;IIF)V: render -> m_88315_
Conflicting propagated mapping for net/mcreator/calltoprayeradhanmc/client/gui/MinaretSpeakerGUIScreen/init()V from net/minecraft/client/gui/screens/inventory/AbstractContainerScreen/init()V: init -> m_7856_
Conflicting propagated mapping for net/mcreator/calltoprayeradhanmc/client/gui/MinaretSpeakerGUIScreen/renderLabels(Lnet/minecraft/client/gui/GuiGraphics;II)V from net/minecraft/client/gui/screens/inventory/AbstractContainerScreen/renderLabels(Lnet/minecraft/client/gui/GuiGraphics;II)V: renderLabels -> m_280003_
Conflicting propagated mapping for net/mcreator/calltoprayeradhanmc/client/gui/MinaretSpeakerGUIScreen/renderBg(Lnet/minecraft/client/gui/GuiGraphics;FII)V from net/minecraft/client/gui/screens/inventory/AbstractContainerScreen/renderBg(Lnet/minecraft/client/gui/GuiGraphics;FII)V: renderBg -> m_7286_
Conflicting propagated mapping for net/mcreator/calltoprayeradhanmc/block/MinaretSpeakerBlock/onRemove(Lnet/minecraft/world/level/block/state/BlockState;Lnet/minecraft/world/level/Level;Lnet/minecraft/core/BlockPos;Lnet/minecraft/world/level/block/state/BlockState;Z)V from net/minecraft/world/level/block/state/BlockBehaviour/onRemove(Lnet/minecraft/world/level/block/state/BlockState;Lnet/minecraft/world/level/Level;Lnet/minecraft/core/BlockPos;Lnet/minecraft/world/level/block/state/BlockState;Z)V: onRemove -> m_6810_
Conflicting propagated mapping for net/mcreator/calltoprayeradhanmc/block/MinaretSpeakerBlock/triggerEvent(Lnet/minecraft/world/level/block/state/BlockState;Lnet/minecraft/world/level/Level;Lnet/minecraft/core/BlockPos;II)Z from net/minecraft/world/level/block/state/BlockBehaviour/triggerEvent(Lnet/minecraft/world/level/block/state/BlockState;Lnet/minecraft/world/level/Level;Lnet/minecraft/core/BlockPos;II)Z: triggerEvent -> m_8133_
Conflicting propagated mapping for net/mcreator/calltoprayeradhanmc/block/entity/MinaretSpeakerBlockEntity/getUpdateTag()Lnet/minecraft/nbt/CompoundTag; from net/minecraft/world/level/block/entity/BlockEntity/getUpdateTag()Lnet/minecraft/nbt/CompoundTag;: getUpdateTag -> m_5995_
Conflicting propagated mapping for net/mcreator/calltoprayeradhanmc/block/MinaretSpeakerBlock/tick(Lnet/minecraft/world/level/block/state/BlockState;Lnet/minecraft/server/level/ServerLevel;Lnet/minecraft/core/BlockPos;Lnet/minecraft/util/RandomSource;)V from net/minecraft/world/level/block/state/BlockBehaviour/tick(Lnet/minecraft/world/level/block/state/BlockState;Lnet/minecraft/server/level/ServerLevel;Lnet/minecraft/core/BlockPos;Lnet/minecraft/util/RandomSource;)V: tick -> m_213897_
Conflicting propagated mapping for net/mcreator/calltoprayeradhanmc/block/entity/MinaretSpeakerBlockEntity/load(Lnet/minecraft/nbt/CompoundTag;)V from net/minecraft/world/level/block/entity/BaseContainerBlockEntity/load(Lnet/minecraft/nbt/CompoundTag;)V: load -> m_142466_
Conflicting propagated mapping for net/mcreator/calltoprayeradhanmc/block/entity/MinaretSpeakerBlockEntity/isEmpty()Z from net/minecraft/world/level/block/entity/RandomizableContainerBlockEntity/isEmpty()Z: isEmpty -> m_7983_
Conflicting propagated mapping for net/mcreator/calltoprayeradhanmc/block/MinaretSpeakerBlock/getMenuProvider(Lnet/minecraft/world/level/block/state/BlockState;Lnet/minecraft/world/level/Level;Lnet/minecraft/core/BlockPos;)Lnet/minecraft/world/MenuProvider; from net/minecraft/world/level/block/state/BlockBehaviour/getMenuProvider(Lnet/minecraft/world/level/block/state/BlockState;Lnet/minecraft/world/level/Level;Lnet/minecraft/core/BlockPos;)Lnet/minecraft/world/MenuProvider;: getMenuProvider -> m_7246_
Conflicting propagated mapping for net/mcreator/calltoprayeradhanmc/block/MinaretSpeakerBlock/getLightBlock(Lnet/minecraft/world/level/block/state/BlockState;Lnet/minecraft/world/level/BlockGetter;Lnet/minecraft/core/BlockPos;)I from net/minecraft/world/level/block/state/BlockBehaviour/getLightBlock(Lnet/minecraft/world/level/block/state/BlockState;Lnet/minecraft/world/level/BlockGetter;Lnet/minecraft/core/BlockPos;)I: getLightBlock -> m_7753_
Conflicting propagated mapping for net/mcreator/calltoprayeradhanmc/block/entity/MinaretSpeakerBlockEntity/getUpdatePacket()Lnet/minecraft/network/protocol/Packet; from net/minecraft/world/level/block/entity/BlockEntity/getUpdatePacket()Lnet/minecraft/network/protocol/Packet;: getUpdatePacket -> m_58483_
Conflicting propagated mapping for net/mcreator/calltoprayeradhanmc/block/entity/MinaretSpeakerBlockEntity/saveAdditional(Lnet/minecraft/nbt/CompoundTag;)V from net/minecraft/world/level/block/entity/BaseContainerBlockEntity/saveAdditional(Lnet/minecraft/nbt/CompoundTag;)V: saveAdditional -> m_183515_
Conflicting propagated mapping for net/mcreator/calltoprayeradhanmc/block/MinaretSpeakerBlock/use(Lnet/minecraft/world/level/block/state/BlockState;Lnet/minecraft/world/level/Level;Lnet/minecraft/core/BlockPos;Lnet/minecraft/world/entity/player/Player;Lnet/minecraft/world/InteractionHand;Lnet/minecraft/world/phys/BlockHitResult;)Lnet/minecraft/world/InteractionResult; from net/minecraft/world/level/block/state/BlockBehaviour/use(Lnet/minecraft/world/level/block/state/BlockState;Lnet/minecraft/world/level/Level;Lnet/minecraft/core/BlockPos;Lnet/minecraft/world/entity/player/Player;Lnet/minecraft/world/InteractionHand;Lnet/minecraft/world/phys/BlockHitResult;)Lnet/minecraft/world/InteractionResult;: use -> m_6227_
Conflicting propagated mapping for net/mcreator/calltoprayeradhanmc/block/entity/MinaretSpeakerBlockEntity/canPlaceItem(ILnet/minecraft/world/item/ItemStack;)Z from net/minecraft/world/Container/canPlaceItem(ILnet/minecraft/world/item/ItemStack;)Z: canPlaceItem -> m_7013_
Conflicting propagated mapping for net/mcreator/calltoprayeradhanmc/block/MinaretSpeakerBlock/newBlockEntity(Lnet/minecraft/core/BlockPos;Lnet/minecraft/world/level/block/state/BlockState;)Lnet/minecraft/world/level/block/entity/BlockEntity; from net/minecraft/world/level/block/EntityBlock/newBlockEntity(Lnet/minecraft/core/BlockPos;Lnet/minecraft/world/level/block/state/BlockState;)Lnet/minecraft/world/level/block/entity/BlockEntity;: newBlockEntity -> m_142194_
Conflicting propagated mapping for net/mcreator/calltoprayeradhanmc/block/entity/MinaretSpeakerBlockEntity/getDefaultName()Lnet/minecraft/network/chat/Component; from net/minecraft/world/level/block/entity/BaseContainerBlockEntity/getDefaultName()Lnet/minecraft/network/chat/Component;: getDefaultName -> m_6820_
Conflicting propagated mapping for net/mcreator/calltoprayeradhanmc/block/entity/MinaretSpeakerBlockEntity/getContainerSize()I from net/minecraft/world/Container/getContainerSize()I: getContainerSize -> m_6643_
Conflicting propagated mapping for net/mcreator/calltoprayeradhanmc/block/entity/MinaretSpeakerBlockEntity/getItems()Lnet/minecraft/core/NonNullList; from net/minecraft/world/level/block/entity/RandomizableContainerBlockEntity/getItems()Lnet/minecraft/core/NonNullList;: getItems -> m_7086_
Conflicting propagated mapping for net/mcreator/calltoprayeradhanmc/block/entity/MinaretSpeakerBlockEntity/createMenu(ILnet/minecraft/world/entity/player/Inventory;)Lnet/minecraft/world/inventory/AbstractContainerMenu; from net/minecraft/world/level/block/entity/BaseContainerBlockEntity/createMenu(ILnet/minecraft/world/entity/player/Inventory;)Lnet/minecraft/world/inventory/AbstractContainerMenu;: createMenu -> m_6555_
Conflicting propagated mapping for net/mcreator/calltoprayeradhanmc/block/entity/MinaretSpeakerBlockEntity/setItems(Lnet/minecraft/core/NonNullList;)V from net/minecraft/world/level/block/entity/RandomizableContainerBlockEntity/setItems(Lnet/minecraft/core/NonNullList;)V: setItems -> m_6520_
Conflicting propagated mapping for net/mcreator/calltoprayeradhanmc/block/entity/MinaretSpeakerBlockEntity/setRemoved()V from net/minecraft/world/level/block/entity/BlockEntity/setRemoved()V: setRemoved -> m_7651_
Conflicting propagated mapping for net/mcreator/calltoprayeradhanmc/block/entity/MinaretSpeakerBlockEntity/getMaxStackSize()I from net/minecraft/world/Container/getMaxStackSize()I: getMaxStackSize -> m_6893_
Conflicting propagated mapping for net/mcreator/calltoprayeradhanmc/block/entity/MinaretSpeakerBlockEntity/getDisplayName()Lnet/minecraft/network/chat/Component; from net/minecraft/world/level/block/entity/BaseContainerBlockEntity/getDisplayName()Lnet/minecraft/network/chat/Component;: getDisplayName -> m_5446_
Conflicting propagated mapping for net/mcreator/calltoprayeradhanmc/block/entity/MinaretSpeakerBlockEntity/canPlaceItemThroughFace(ILnet/minecraft/world/item/ItemStack;Lnet/minecraft/core/Direction;)Z from net/minecraft/world/WorldlyContainer/canPlaceItemThroughFace(ILnet/minecraft/world/item/ItemStack;Lnet/minecraft/core/Direction;)Z: canPlaceItemThroughFace -> m_7155_
Conflicting propagated mapping for net/mcreator/calltoprayeradhanmc/block/entity/MinaretSpeakerBlockEntity/getSlotsForFace(Lnet/minecraft/core/Direction;)[I from net/minecraft/world/WorldlyContainer/getSlotsForFace(Lnet/minecraft/core/Direction;)[I: getSlotsForFace -> m_7071_
Conflicting propagated mapping for net/mcreator/calltoprayeradhanmc/block/entity/MinaretSpeakerBlockEntity/canTakeItemThroughFace(ILnet/minecraft/world/item/ItemStack;Lnet/minecraft/core/Direction;)Z from net/minecraft/world/WorldlyContainer/canTakeItemThroughFace(ILnet/minecraft/world/item/ItemStack;Lnet/minecraft/core/Direction;)Z: canTakeItemThroughFace -> m_7157_
Conflicting propagated mapping for net/mcreator/calltoprayeradhanmc/world/inventory/MinaretSpeakerGUIMenu/moveItemStackTo(Lnet/minecraft/world/item/ItemStack;IIZ)Z from net/minecraft/world/inventory/AbstractContainerMenu/moveItemStackTo(Lnet/minecraft/world/item/ItemStack;IIZ)Z: moveItemStackTo -> m_38903_
Conflicting propagated mapping for net/mcreator/calltoprayeradhanmc/world/inventory/MinaretSpeakerGUIMenu/removed(Lnet/minecraft/world/entity/player/Player;)V from net/minecraft/world/inventory/AbstractContainerMenu/removed(Lnet/minecraft/world/entity/player/Player;)V: removed -> m_6877_
Conflicting propagated mapping for net/mcreator/calltoprayeradhanmc/world/inventory/MinaretSpeakerGUIMenu/stillValid(Lnet/minecraft/world/entity/player/Player;)Z from net/minecraft/world/inventory/AbstractContainerMenu/stillValid(Lnet/minecraft/world/entity/player/Player;)Z: stillValid -> m_6875_
Conflicting propagated mapping for net/mcreator/calltoprayeradhanmc/world/inventory/MinaretSpeakerGUIMenu/quickMoveStack(Lnet/minecraft/world/entity/player/Player;I)Lnet/minecraft/world/item/ItemStack; from net/minecraft/world/inventory/AbstractContainerMenu/quickMoveStack(Lnet/minecraft/world/entity/player/Player;I)Lnet/minecraft/world/item/ItemStack;: quickMoveStack -> m_7648_
Conflicting propagated mapping for net/minecraftforge/event/BuildCreativeModeTabContentsEvent/accept(Lnet/minecraft/world/item/ItemStack;Lnet/minecraft/world/item/CreativeModeTab$TabVisibility;)V from net/minecraft/world/item/CreativeModeTab$Output/accept(Lnet/minecraft/world/item/ItemStack;Lnet/minecraft/world/item/CreativeModeTab$TabVisibility;)V: accept -> m_246267_
Conflicting propagated mapping for net/minecraftforge/network/IContainerFactory/create(ILnet/minecraft/world/entity/player/Inventory;)Lnet/minecraft/world/inventory/AbstractContainerMenu; from net/minecraft/world/inventory/MenuType$MenuSupplier/create(ILnet/minecraft/world/entity/player/Inventory;)Lnet/minecraft/world/inventory/AbstractContainerMenu;: create -> m_39994_
Conflicting propagated mapping for net/mcreator/calltoprayeradhanmc/item/RandomAdhanDiscItem/appendHoverText(Lnet/minecraft/world/item/ItemStack;Lnet/minecraft/world/level/Level;Ljava/util/List;Lnet/minecraft/world/item/TooltipFlag;)V from net/minecraft/world/item/Item/appendHoverText(Lnet/minecraft/world/item/ItemStack;Lnet/minecraft/world/level/Level;Ljava/util/List;Lnet/minecraft/world/item/TooltipFlag;)V: appendHoverText -> m_7373_
Conflicting propagated mapping for net/mcreator/calltoprayeradhanmc/item/RandomAdhanDiscItem/use(Lnet/minecraft/world/level/Level;Lnet/minecraft/world/entity/player/Player;Lnet/minecraft/world/InteractionHand;)Lnet/minecraft/world/InteractionResultHolder; from net/minecraft/world/item/Item/use(Lnet/minecraft/world/level/Level;Lnet/minecraft/world/entity/player/Player;Lnet/minecraft/world/InteractionHand;)Lnet/minecraft/world/InteractionResultHolder;: use -> m_7203_
Conflicting propagated mapping for net/mcreator/calltoprayeradhanmc/item/RandomAdhanDiscItem/isFoil(Lnet/minecraft/world/item/ItemStack;)Z from net/minecraft/world/item/Item/isFoil(Lnet/minecraft/world/item/ItemStack;)Z: isFoil -> m_5812_
Conflicting propagated mapping for net/mcreator/calltoprayeradhanmc/network/CallToPrayerAdhanMcModVariables$MapVariables/save(Lnet/minecraft/nbt/CompoundTag;)Lnet/minecraft/nbt/CompoundTag; from net/minecraft/world/level/saveddata/SavedData/save(Lnet/minecraft/nbt/CompoundTag;)Lnet/minecraft/nbt/CompoundTag;: save -> m_7176_
Conflicting propagated mapping for net/mcreator/calltoprayeradhanmc/network/CallToPrayerAdhanMcModVariables$WorldVariables/save(Lnet/minecraft/nbt/CompoundTag;)Lnet/minecraft/nbt/CompoundTag; from net/minecraft/world/level/saveddata/SavedData/save(Lnet/minecraft/nbt/CompoundTag;)Lnet/minecraft/nbt/CompoundTag;: save -> m_7176_
Conflicting propagated mapping for net/minecraft/world/entity/LivingEntity/lambda$addAdditionalSaveData$3(Lnet/minecraft/nbt/CompoundTag;Lnet/minecraft/nbt/Tag;)V from net/minecraft/world/entity/player/Player/lambda$addAdditionalSaveData$3(Lnet/minecraft/nbt/CompoundTag;Lnet/minecraft/nbt/Tag;)V: lambda$addAdditionalSaveData$3 -> m_219754_
Conflicting propagated mapping for net/minecraftforge/items/SlotItemHandler/set(Lnet/minecraft/world/item/ItemStack;)V from net/minecraft/world/inventory/Slot/set(Lnet/minecraft/world/item/ItemStack;)V: set -> m_5852_
Conflicting propagated mapping for net/minecraftforge/items/SlotItemHandler/mayPlace(Lnet/minecraft/world/item/ItemStack;)Z from net/minecraft/world/inventory/Slot/mayPlace(Lnet/minecraft/world/item/ItemStack;)Z: mayPlace -> m_5857_
Conflicting propagated mapping for net/minecraftforge/items/SlotItemHandler/remove(I)Lnet/minecraft/world/item/ItemStack; from net/minecraft/world/inventory/Slot/remove(I)Lnet/minecraft/world/item/ItemStack;: remove -> m_6201_
Conflicting propagated mapping for net/minecraftforge/items/SlotItemHandler/onQuickCraft(Lnet/minecraft/world/item/ItemStack;Lnet/minecraft/world/item/ItemStack;)V from net/minecraft/world/inventory/Slot/onQuickCraft(Lnet/minecraft/world/item/ItemStack;Lnet/minecraft/world/item/ItemStack;)V: onQuickCraft -> m_40234_
Conflicting propagated mapping for net/minecraftforge/items/SlotItemHandler/getItem()Lnet/minecraft/world/item/ItemStack; from net/minecraft/world/inventory/Slot/getItem()Lnet/minecraft/world/item/ItemStack;: getItem -> m_7993_
Conflicting propagated mapping for net/minecraftforge/items/SlotItemHandler/getMaxStackSize(Lnet/minecraft/world/item/ItemStack;)I from net/minecraft/world/inventory/Slot/getMaxStackSize(Lnet/minecraft/world/item/ItemStack;)I: getMaxStackSize -> m_5866_
Conflicting propagated mapping for net/minecraftforge/items/SlotItemHandler/mayPickup(Lnet/minecraft/world/entity/player/Player;)Z from net/minecraft/world/inventory/Slot/mayPickup(Lnet/minecraft/world/entity/player/Player;)Z: mayPickup -> m_8010_
Conflicting propagated mapping for net/minecraftforge/items/SlotItemHandler/getMaxStackSize()I from net/minecraft/world/inventory/Slot/getMaxStackSize()I: getMaxStackSize -> m_6641_
Adding extras
Sorting
Writing Output: F:\MCreator\[PROJECTS] Main PC\call_to_prayer_adhan_mc\build\libs\modid-1.0.jar
  META-INF/
  META-INF/MANIFEST.MF
  META-INF/jarjar/
  META-INF/jarjar/metadata.json
  META-INF/jarjar/mixinextras-forge-0.5.0.jar
  META-INF/mods.toml
  assets/
  assets/call_to_prayer_adhan_mc/
  assets/call_to_prayer_adhan_mc/blockstates/
  assets/call_to_prayer_adhan_mc/blockstates/minaret_speaker.json
  assets/call_to_prayer_adhan_mc/lang/
  assets/call_to_prayer_adhan_mc/lang/en_us.json
  assets/call_to_prayer_adhan_mc/models/
  assets/call_to_prayer_adhan_mc/models/block/
  assets/call_to_prayer_adhan_mc/models/block/minaret_speaker.json
  assets/call_to_prayer_adhan_mc/models/item/
  assets/call_to_prayer_adhan_mc/models/item/disc_addisababa_adhan.json
  assets/call_to_prayer_adhan_mc/models/item/disc_akko_adhan.json
  assets/call_to_prayer_adhan_mc/models/item/disc_alquds_adhan.json
  assets/call_to_prayer_adhan_mc/models/item/disc_amsterdam_adhan.json
  assets/call_to_prayer_adhan_mc/models/item/disc_baghdad_adhan.json
  assets/call_to_prayer_adhan_mc/models/item/disc_beirut_adhan.json
  assets/call_to_prayer_adhan_mc/models/item/disc_cairo_adhan.json
  assets/call_to_prayer_adhan_mc/models/item/disc_damascus_adhan.json
  assets/call_to_prayer_adhan_mc/models/item/disc_delhi_adhan.json
  assets/call_to_prayer_adhan_mc/models/item/disc_dhaka_adhan.json
  assets/call_to_prayer_adhan_mc/models/item/disc_fez_adhan.json
  assets/call_to_prayer_adhan_mc/models/item/disc_istanbul_adhan.json
  assets/call_to_prayer_adhan_mc/models/item/disc_jakarta_adhan.json
  assets/call_to_prayer_adhan_mc/models/item/disc_khortum_adhan.json
  assets/call_to_prayer_adhan_mc/models/item/disc_kualalumpur_adhan.json
  assets/call_to_prayer_adhan_mc/models/item/disc_london_adhan.json
  assets/call_to_prayer_adhan_mc/models/item/disc_mecca_adhan.json
  assets/call_to_prayer_adhan_mc/models/item/disc_medina_adhan.json
  assets/call_to_prayer_adhan_mc/models/item/disc_newyork_adhan.json
  assets/call_to_prayer_adhan_mc/models/item/disc_ramallah_adhan.json
  assets/call_to_prayer_adhan_mc/models/item/disc_sarajevo_adhan.json
  assets/call_to_prayer_adhan_mc/models/item/disc_toronto_adhan.json
  assets/call_to_prayer_adhan_mc/models/item/minaret_speaker.json
  assets/call_to_prayer_adhan_mc/models/item/random_adhan_disc.json
  assets/call_to_prayer_adhan_mc/sounds.json
  assets/call_to_prayer_adhan_mc/sounds/
  assets/call_to_prayer_adhan_mc/sounds/addis_ababa_ethiopia.ogg
  assets/call_to_prayer_adhan_mc/sounds/akko_israel.ogg
  assets/call_to_prayer_adhan_mc/sounds/al-quds_jerusalem_palestine.ogg
  assets/call_to_prayer_adhan_mc/sounds/amsterdam_netherlands.ogg
  assets/call_to_prayer_adhan_mc/sounds/baghdad_iraq.ogg
  assets/call_to_prayer_adhan_mc/sounds/beirut_lebanon.ogg
  assets/call_to_prayer_adhan_mc/sounds/cairo_egypt.ogg
  assets/call_to_prayer_adhan_mc/sounds/damascus_syria.ogg
  assets/call_to_prayer_adhan_mc/sounds/delhi_india.ogg
  assets/call_to_prayer_adhan_mc/sounds/dhaka_bangladesh.ogg
  assets/call_to_prayer_adhan_mc/sounds/fez_morocco.ogg
  assets/call_to_prayer_adhan_mc/sounds/istanbul_turkey.ogg
  assets/call_to_prayer_adhan_mc/sounds/jakarta_indonesia.ogg
  assets/call_to_prayer_adhan_mc/sounds/khortum_sudan.ogg
  assets/call_to_prayer_adhan_mc/sounds/kuala_lumpur_malaysia.ogg
  assets/call_to_prayer_adhan_mc/sounds/london_united_kingdom_uk.ogg
  assets/call_to_prayer_adhan_mc/sounds/mecca_saudi_arabia.ogg
  assets/call_to_prayer_adhan_mc/sounds/medina_saudi_arabia.ogg
  assets/call_to_prayer_adhan_mc/sounds/new_york_united_states_of_america_usa.ogg
  assets/call_to_prayer_adhan_mc/sounds/ramallah_palestine.ogg
  assets/call_to_prayer_adhan_mc/sounds/sarajevo_bosnia_and_herzegovina.ogg
  assets/call_to_prayer_adhan_mc/sounds/toronto_canada.ogg
  assets/call_to_prayer_adhan_mc/textures/
  assets/call_to_prayer_adhan_mc/textures/block/
  assets/call_to_prayer_adhan_mc/textures/block/minaret_speaker.png
  assets/call_to_prayer_adhan_mc/textures/item/
  assets/call_to_prayer_adhan_mc/textures/item/disc.png
  assets/call_to_prayer_adhan_mc/textures/item/disc_bangladesh.png
  assets/call_to_prayer_adhan_mc/textures/item/disc_bosnia.png
  assets/call_to_prayer_adhan_mc/textures/item/disc_canada.png
  assets/call_to_prayer_adhan_mc/textures/item/disc_egypt.png
  assets/call_to_prayer_adhan_mc/textures/item/disc_ethiopia.png
  assets/call_to_prayer_adhan_mc/textures/item/disc_india.png
  assets/call_to_prayer_adhan_mc/textures/item/disc_indonesia.png
  assets/call_to_prayer_adhan_mc/textures/item/disc_iraq.png
  assets/call_to_prayer_adhan_mc/textures/item/disc_israel.png
  assets/call_to_prayer_adhan_mc/textures/item/disc_jordan.png
  assets/call_to_prayer_adhan_mc/textures/item/disc_lebanon.png
  assets/call_to_prayer_adhan_mc/textures/item/disc_malay.png
  assets/call_to_prayer_adhan_mc/textures/item/disc_morocco.png
  assets/call_to_prayer_adhan_mc/textures/item/disc_netherlands.png
  assets/call_to_prayer_adhan_mc/textures/item/disc_oldsyria.png
  assets/call_to_prayer_adhan_mc/textures/item/disc_palestine.png
  assets/call_to_prayer_adhan_mc/textures/item/disc_saudi.png
  assets/call_to_prayer_adhan_mc/textures/item/disc_sudan.png
  assets/call_to_prayer_adhan_mc/textures/item/disc_syria.png
  assets/call_to_prayer_adhan_mc/textures/item/disc_turkey.png
  assets/call_to_prayer_adhan_mc/textures/item/disc_uk.png
  assets/call_to_prayer_adhan_mc/textures/item/disc_usa.png
  assets/call_to_prayer_adhan_mc/textures/item/disc_yemen.png
  assets/call_to_prayer_adhan_mc/textures/item/record_13.png
  assets/call_to_prayer_adhan_mc/textures/logo.png
  assets/call_to_prayer_adhan_mc/textures/screens/
  assets/call_to_prayer_adhan_mc/textures/screens/minaret_speaker_gui.png
  data/
  data/call_to_prayer_adhan_mc/
  data/call_to_prayer_adhan_mc/loot_tables/
  data/call_to_prayer_adhan_mc/loot_tables/blocks/
  data/call_to_prayer_adhan_mc/loot_tables/blocks/minaret_speaker.json
  data/call_to_prayer_adhan_mc/loot_tables/chests/
  data/call_to_prayer_adhan_mc/loot_tables/chests/minaret_chest.json
  data/call_to_prayer_adhan_mc/loot_tables/gameplay/
  data/call_to_prayer_adhan_mc/loot_tables/gameplay/adhan_discs.json
  data/call_to_prayer_adhan_mc/recipes/
  data/call_to_prayer_adhan_mc/recipes/minaret_speaker_recipe.json
  data/call_to_prayer_adhan_mc/structures/
  data/call_to_prayer_adhan_mc/structures/jeljuk_minaret.nbt
  data/call_to_prayer_adhan_mc/structures/mughal_minaret.nbt
  data/call_to_prayer_adhan_mc/structures/tihurid_minaret.nbt
  data/call_to_prayer_adhan_mc/worldgen/
  data/call_to_prayer_adhan_mc/worldgen/structure/
  data/call_to_prayer_adhan_mc/worldgen/structure/jeljuk_minaret.json
  data/call_to_prayer_adhan_mc/worldgen/structure/mughal_minerat.json
  data/call_to_prayer_adhan_mc/worldgen/structure/tihurid_minerat.json
  data/call_to_prayer_adhan_mc/worldgen/structure_set/
  data/call_to_prayer_adhan_mc/worldgen/structure_set/jeljuk_minaret.json
  data/call_to_prayer_adhan_mc/worldgen/structure_set/mughal_minerat.json
  data/call_to_prayer_adhan_mc/worldgen/structure_set/tihurid_minerat.json
  data/call_to_prayer_adhan_mc/worldgen/template_pool/
  data/call_to_prayer_adhan_mc/worldgen/template_pool/jeljuk_minaret.json
  data/call_to_prayer_adhan_mc/worldgen/template_pool/mughal_minerat.json
  data/call_to_prayer_adhan_mc/worldgen/template_pool/tihurid_minerat.json
  data/minecraft/
  data/minecraft/tags/
  data/minecraft/tags/blocks/
  data/minecraft/tags/blocks/mineable/
  data/minecraft/tags/blocks/mineable/pickaxe.json
  data/minecraft/tags/items/
  data/minecraft/tags/items/music_discs.json
  logo.png
  net/
  net/mcreator/
  net/mcreator/calltoprayeradhanmc/
  net/mcreator/calltoprayeradhanmc/CallToPrayerAdhanMcMod.class
  net/mcreator/calltoprayeradhanmc/block/
  net/mcreator/calltoprayeradhanmc/block/MinaretSpeakerBlock$1.class
  net/mcreator/calltoprayeradhanmc/block/MinaretSpeakerBlock.class
  net/mcreator/calltoprayeradhanmc/block/entity/
  net/mcreator/calltoprayeradhanmc/block/entity/MinaretSpeakerBlockEntity.class
  net/mcreator/calltoprayeradhanmc/client/
  net/mcreator/calltoprayeradhanmc/client/gui/
  net/mcreator/calltoprayeradhanmc/client/gui/MinaretSpeakerGUIScreen.class
  net/mcreator/calltoprayeradhanmc/init/
  net/mcreator/calltoprayeradhanmc/init/CallToPrayerAdhanMcModBlockEntities.class
  net/mcreator/calltoprayeradhanmc/init/CallToPrayerAdhanMcModBlocks.class
  net/mcreator/calltoprayeradhanmc/init/CallToPrayerAdhanMcModItems.class
  net/mcreator/calltoprayeradhanmc/init/CallToPrayerAdhanMcModMenus$MenuAccessor.class
  net/mcreator/calltoprayeradhanmc/init/CallToPrayerAdhanMcModMenus.class
  net/mcreator/calltoprayeradhanmc/init/CallToPrayerAdhanMcModScreens$ScreenAccessor.class
  net/mcreator/calltoprayeradhanmc/init/CallToPrayerAdhanMcModScreens.class
  net/mcreator/calltoprayeradhanmc/init/CallToPrayerAdhanMcModSounds.class
  net/mcreator/calltoprayeradhanmc/init/CallToPrayerAdhanMcModTabs.class
  net/mcreator/calltoprayeradhanmc/item/
  net/mcreator/calltoprayeradhanmc/item/DiscAddisababaAdhanItem.class
  net/mcreator/calltoprayeradhanmc/item/DiscAkkoAdhanItem.class
  net/mcreator/calltoprayeradhanmc/item/DiscAlqudsAdhanItem.class
  net/mcreator/calltoprayeradhanmc/item/DiscAmsterdamAdhanItem.class
  net/mcreator/calltoprayeradhanmc/item/DiscBaghdadAdhanItem.class
  net/mcreator/calltoprayeradhanmc/item/DiscBeirutAdhanItem.class
  net/mcreator/calltoprayeradhanmc/item/DiscCairoAdhanItem.class
  net/mcreator/calltoprayeradhanmc/item/DiscDamascusAdhanItem.class
  net/mcreator/calltoprayeradhanmc/item/DiscDelhiAdhanItem.class
  net/mcreator/calltoprayeradhanmc/item/DiscDhakaAdhanItem.class
  net/mcreator/calltoprayeradhanmc/item/DiscFezAdhanItem.class
  net/mcreator/calltoprayeradhanmc/item/DiscIstanbulAdhanItem.class
  net/mcreator/calltoprayeradhanmc/item/DiscJakartaAdhanItem.class
  net/mcreator/calltoprayeradhanmc/item/DiscKhortumAdhanItem.class
  net/mcreator/calltoprayeradhanmc/item/DiscKualalumpurAdhanItem.class
  net/mcreator/calltoprayeradhanmc/item/DiscLondonAdhanItem.class
  net/mcreator/calltoprayeradhanmc/item/DiscMeccaAdhanItem.class
  net/mcreator/calltoprayeradhanmc/item/DiscMedinaAdhanItem.class
  net/mcreator/calltoprayeradhanmc/item/DiscNewyorkAdhanItem.class
  net/mcreator/calltoprayeradhanmc/item/DiscRamallahAdhanItem.class
  net/mcreator/calltoprayeradhanmc/item/DiscSarajevoAdhanItem.class
  net/mcreator/calltoprayeradhanmc/item/DiscTorontoAdhanItem.class
  net/mcreator/calltoprayeradhanmc/item/RandomAdhanDiscItem.class
  net/mcreator/calltoprayeradhanmc/network/
  net/mcreator/calltoprayeradhanmc/network/CallToPrayerAdhanMcModVariables$EventBusVariableHandlers.class
  net/mcreator/calltoprayeradhanmc/network/CallToPrayerAdhanMcModVariables$MapVariables.class
  net/mcreator/calltoprayeradhanmc/network/CallToPrayerAdhanMcModVariables$SavedDataSyncMessage.class
  net/mcreator/calltoprayeradhanmc/network/CallToPrayerAdhanMcModVariables$WorldVariables.class
  net/mcreator/calltoprayeradhanmc/network/CallToPrayerAdhanMcModVariables.class
  net/mcreator/calltoprayeradhanmc/network/MenuStateUpdateMessage.class
  net/mcreator/calltoprayeradhanmc/network/MinaretSpeakerGUIButtonMessage.class
  net/mcreator/calltoprayeradhanmc/procedures/
  net/mcreator/calltoprayeradhanmc/procedures/ComputerTimeAdjustProcedure.class
  net/mcreator/calltoprayeradhanmc/procedures/MinaretSpeakerAdhanProcedure.class
  net/mcreator/calltoprayeradhanmc/procedures/MinaretSpeakerTestProcedure.class
  net/mcreator/calltoprayeradhanmc/procedures/RandomAdhanDiscRightclickedProcedure.class
  net/mcreator/calltoprayeradhanmc/procedures/ReturnComputerTimeProcedure.class
  net/mcreator/calltoprayeradhanmc/world/
  net/mcreator/calltoprayeradhanmc/world/inventory/
  net/mcreator/calltoprayeradhanmc/world/inventory/MinaretSpeakerGUIMenu$1.class
  net/mcreator/calltoprayeradhanmc/world/inventory/MinaretSpeakerGUIMenu$2.class
  net/mcreator/calltoprayeradhanmc/world/inventory/MinaretSpeakerGUIMenu.class
  pack.mcmeta
